============================= test session starts ==============================
platform linux -- Python 3.10.12, pytest-9.0.2, pluggy-1.6.0 -- /home/cowrie/cowrie/cowrie-env/bin/python3
cachedir: .pytest_cache
metadata: {'Python': '3.10.12', 'Platform': 'Linux-6.8.0-87-generic-x86_64-with-glibc2.35', 'Packages': {'pytest': '9.0.2', 'pluggy': '1.6.0'}, 'Plugins': {'metadata': '3.1.1', 'html': '4.1.1'}}
rootdir: /home/cowrie/cowrie
configfile: pyproject.toml
plugins: metadata-3.1.1, html-4.1.1
collecting ... collected 182 items

src/cowrie/test/test_awk.py::ShellEchoCommandTests::test_awk_command_001 PASSED [  0%]
src/cowrie/test/test_awk.py::ShellEchoCommandTests::test_awk_command_002 PASSED [  1%]
src/cowrie/test/test_awk.py::ShellEchoCommandTests::test_awk_command_003 PASSED [  1%]
src/cowrie/test/test_awk.py::ShellEchoCommandTests::test_awk_command_004 PASSED [  2%]
src/cowrie/test/test_awk.py::ShellEchoCommandTests::test_awk_command_005 PASSED [  2%]
src/cowrie/test/test_base64.py::ShellBase64CommandTests::test_base64_command_001 PASSED [  3%]
src/cowrie/test/test_base64.py::ShellBase64CommandTests::test_base64_command_002 PASSED [  3%]
src/cowrie/test/test_base_commands.py::ShellBaseCommandsTests::test_alias_command PASSED [  4%]
src/cowrie/test/test_base_commands.py::ShellBaseCommandsTests::test_bash_command PASSED [  4%]
src/cowrie/test/test_base_commands.py::ShellBaseCommandsTests::test_cd_error_output PASSED [  5%]
src/cowrie/test/test_base_commands.py::ShellBaseCommandsTests::test_cd_output PASSED [  6%]
src/cowrie/test/test_base_commands.py::ShellBaseCommandsTests::test_chattr_command PASSED [  6%]
src/cowrie/test/test_base_commands.py::ShellBaseCommandsTests::test_chgrp_command PASSED [  7%]
src/cowrie/test/test_base_commands.py::ShellBaseCommandsTests::test_chown_command PASSED [  7%]
src/cowrie/test/test_base_commands.py::ShellBaseCommandsTests::test_clear_command PASSED [  8%]
src/cowrie/test/test_base_commands.py::ShellBaseCommandsTests::test_date_command PASSED [  8%]
src/cowrie/test/test_base_commands.py::ShellBaseCommandsTests::test_exit_command PASSED [  9%]
src/cowrie/test/test_base_commands.py::ShellBaseCommandsTests::test_export_command PASSED [  9%]
src/cowrie/test/test_base_commands.py::ShellBaseCommandsTests::test_hostname_command PASSED [ 10%]
src/cowrie/test/test_base_commands.py::ShellBaseCommandsTests::test_id_command PASSED [ 10%]
src/cowrie/test/test_base_commands.py::ShellBaseCommandsTests::test_jobs_command PASSED [ 11%]
src/cowrie/test/test_base_commands.py::ShellBaseCommandsTests::test_kill_command PASSED [ 12%]
src/cowrie/test/test_base_commands.py::ShellBaseCommandsTests::test_killall5_command PASSED [ 12%]
src/cowrie/test/test_base_commands.py::ShellBaseCommandsTests::test_killall_command PASSED [ 13%]
src/cowrie/test/test_base_commands.py::ShellBaseCommandsTests::test_logout_command PASSED [ 13%]
src/cowrie/test/test_base_commands.py::ShellBaseCommandsTests::test_passwd_command PASSED [ 14%]
src/cowrie/test/test_base_commands.py::ShellBaseCommandsTests::test_php_help_command PASSED [ 14%]
src/cowrie/test/test_base_commands.py::ShellBaseCommandsTests::test_php_version_command PASSED [ 15%]
src/cowrie/test/test_base_commands.py::ShellBaseCommandsTests::test_pkill_command PASSED [ 15%]
src/cowrie/test/test_base_commands.py::ShellBaseCommandsTests::test_poweroff_command PASSED [ 16%]
src/cowrie/test/test_base_commands.py::ShellBaseCommandsTests::test_reset_command PASSED [ 17%]
src/cowrie/test/test_base_commands.py::ShellBaseCommandsTests::test_set_command PASSED [ 17%]
src/cowrie/test/test_base_commands.py::ShellBaseCommandsTests::test_sh_command PASSED [ 18%]
src/cowrie/test/test_base_commands.py::ShellBaseCommandsTests::test_shutdown_command PASSED [ 18%]
src/cowrie/test/test_base_commands.py::ShellBaseCommandsTests::test_su_command PASSED [ 19%]
src/cowrie/test/test_base_commands.py::ShellBaseCommandsTests::test_umask_command PASSED [ 19%]
src/cowrie/test/test_base_commands.py::ShellBaseCommandsTests::test_unset_command PASSED [ 20%]
src/cowrie/test/test_base_commands.py::ShellBaseCommandsTests::test_users_command PASSED [ 20%]
src/cowrie/test/test_base_commands.py::ShellBaseCommandsTests::test_whoami_command PASSED [ 21%]
src/cowrie/test/test_base_commands.py::ShellFileCommandsTests::test_cat_output PASSED [ 21%]
src/cowrie/test/test_base_commands.py::ShellFileCommandsTests::test_cp_error_output PASSED [ 22%]
src/cowrie/test/test_base_commands.py::ShellFileCommandsTests::test_cp_output PASSED [ 23%]
src/cowrie/test/test_base_commands.py::ShellFileCommandsTests::test_grep_output PASSED [ 23%]
src/cowrie/test/test_base_commands.py::ShellFileCommandsTests::test_head_output PASSED [ 24%]
src/cowrie/test/test_base_commands.py::ShellFileCommandsTests::test_mkdir_error_output PASSED [ 24%]
src/cowrie/test/test_base_commands.py::ShellFileCommandsTests::test_mkdir_output PASSED [ 25%]
src/cowrie/test/test_base_commands.py::ShellFileCommandsTests::test_mv_error_output PASSED [ 25%]
src/cowrie/test/test_base_commands.py::ShellFileCommandsTests::test_mv_output PASSED [ 26%]
src/cowrie/test/test_base_commands.py::ShellFileCommandsTests::test_pwd_output PASSED [ 26%]
src/cowrie/test/test_base_commands.py::ShellFileCommandsTests::test_rm_error_output PASSED [ 27%]
src/cowrie/test/test_base_commands.py::ShellFileCommandsTests::test_rm_output PASSED [ 28%]
src/cowrie/test/test_base_commands.py::ShellFileCommandsTests::test_rmdir_error_output PASSED [ 28%]
src/cowrie/test/test_base_commands.py::ShellFileCommandsTests::test_rmdir_output PASSED [ 29%]
src/cowrie/test/test_base_commands.py::ShellFileCommandsTests::test_tail_output PASSED [ 29%]
src/cowrie/test/test_base_commands.py::ShellFileCommandsTests::test_touch_output PASSED [ 30%]
src/cowrie/test/test_base_commands.py::ShellPipeCommandsTests::test_shell_pipe_with_cat_head PASSED [ 30%]
src/cowrie/test/test_base_commands.py::ShellPipeCommandsTests::test_shell_pipe_with_cat_tail PASSED [ 31%]
src/cowrie/test/test_cat.py::ShellCatCommandTests::test_cat_command_001 PASSED [ 31%]
src/cowrie/test/test_cat.py::ShellCatCommandTests::test_cat_command_002 PASSED [ 32%]
src/cowrie/test/test_cat.py::ShellCatCommandTests::test_cat_command_003 PASSED [ 32%]
src/cowrie/test/test_cat.py::ShellCatCommandTests::test_cat_command_004 PASSED [ 33%]
src/cowrie/test/test_chmod.py::ShellChmodCommandTests::test_chmod_command_001 PASSED [ 34%]
src/cowrie/test/test_chmod.py::ShellChmodCommandTests::test_chmod_command_002 PASSED [ 34%]
src/cowrie/test/test_chmod.py::ShellChmodCommandTests::test_chmod_command_003 PASSED [ 35%]
src/cowrie/test/test_chmod.py::ShellChmodCommandTests::test_chmod_command_004 PASSED [ 35%]
src/cowrie/test/test_chmod.py::ShellChmodCommandTests::test_chmod_command_005 PASSED [ 36%]
src/cowrie/test/test_chmod.py::ShellChmodCommandTests::test_chmod_command_006 PASSED [ 36%]
src/cowrie/test/test_chmod.py::ShellChmodCommandTests::test_chmod_command_007 PASSED [ 37%]
src/cowrie/test/test_chmod.py::ShellChmodCommandTests::test_chmod_command_008 PASSED [ 37%]
src/cowrie/test/test_chmod.py::ShellChmodCommandTests::test_chmod_command_009 PASSED [ 38%]
src/cowrie/test/test_chmod.py::ShellChmodCommandTests::test_chmod_command_010 PASSED [ 39%]
src/cowrie/test/test_chmod.py::ShellChmodCommandTests::test_chmod_command_011 PASSED [ 39%]
src/cowrie/test/test_chmod.py::ShellChmodCommandTests::test_chmod_command_012 PASSED [ 40%]
src/cowrie/test/test_chmod.py::ShellChmodCommandTests::test_chmod_command_013 PASSED [ 40%]
src/cowrie/test/test_chmod.py::ShellChmodCommandTests::test_chmod_command_014 PASSED [ 41%]
src/cowrie/test/test_chmod.py::ShellChmodCommandTests::test_chmod_command_015 PASSED [ 41%]
src/cowrie/test/test_echo.py::ShellEchoCommandTests::test_command_substitution_in_middle_multiple PASSED [ 42%]
src/cowrie/test/test_echo.py::ShellEchoCommandTests::test_command_substitution_multiple_commands PASSED [ 42%]
src/cowrie/test/test_echo.py::ShellEchoCommandTests::test_echo_command_001 PASSED [ 43%]
src/cowrie/test/test_echo.py::ShellEchoCommandTests::test_echo_command_002 PASSED [ 43%]
src/cowrie/test/test_echo.py::ShellEchoCommandTests::test_echo_command_003 PASSED [ 44%]
src/cowrie/test/test_echo.py::ShellEchoCommandTests::test_echo_command_005 PASSED [ 45%]
src/cowrie/test/test_echo.py::ShellEchoCommandTests::test_echo_command_006 PASSED [ 45%]
src/cowrie/test/test_echo.py::ShellEchoCommandTests::test_echo_command_007 PASSED [ 46%]
src/cowrie/test/test_echo.py::ShellEchoCommandTests::test_echo_command_008 PASSED [ 46%]
src/cowrie/test/test_echo.py::ShellEchoCommandTests::test_echo_command_009 PASSED [ 47%]
src/cowrie/test/test_echo.py::ShellEchoCommandTests::test_echo_command_010 PASSED [ 47%]
src/cowrie/test/test_echo.py::ShellEchoCommandTests::test_echo_command_011 PASSED [ 48%]
src/cowrie/test/test_echo.py::ShellEchoCommandTests::test_echo_command_012 PASSED [ 48%]
src/cowrie/test/test_echo.py::ShellEchoCommandTests::test_echo_command_013 PASSED [ 49%]
src/cowrie/test/test_echo.py::ShellEchoCommandTests::test_echo_command_014 PASSED [ 50%]
src/cowrie/test/test_echo.py::ShellEchoCommandTests::test_echo_command_015 PASSED [ 50%]
src/cowrie/test/test_echo.py::ShellEchoCommandTests::test_echo_command_016 PASSED [ 51%]
src/cowrie/test/test_echo.py::ShellEchoCommandTests::test_echo_command_017 PASSED [ 51%]
src/cowrie/test/test_echo.py::ShellEchoCommandTests::test_echo_command_018 PASSED [ 52%]
src/cowrie/test/test_echo.py::ShellEchoCommandTests::test_echo_command_019 PASSED [ 52%]
src/cowrie/test/test_echo.py::ShellEchoCommandTests::test_echo_command_020 PASSED [ 53%]
src/cowrie/test/test_echo.py::ShellEchoCommandTests::test_echo_command_021 PASSED [ 53%]
src/cowrie/test/test_echo.py::ShellEchoCommandTests::test_echo_command_022 PASSED [ 54%]
src/cowrie/test/test_echo.py::ShellEchoCommandTests::test_echo_command_023 PASSED [ 54%]
src/cowrie/test/test_echo.py::ShellEchoCommandTests::test_echo_command_024 PASSED [ 55%]
src/cowrie/test/test_echo.py::ShellEchoCommandTests::test_echo_command_025 PASSED [ 56%]
src/cowrie/test/test_echo.py::ShellEchoCommandTests::test_echo_command_026 PASSED [ 56%]
src/cowrie/test/test_echo.py::ShellEchoCommandTests::test_echo_command_027 PASSED [ 57%]
src/cowrie/test/test_echo.py::ShellEchoCommandTests::test_echo_command_028 PASSED [ 57%]
src/cowrie/test/test_echo.py::ShellEchoCommandTests::test_echo_command_029 PASSED [ 58%]
src/cowrie/test/test_echo.py::ShellEchoCommandTests::test_subshell_parentheses_001 PASSED [ 58%]
src/cowrie/test/test_echo.py::ShellEchoCommandTests::test_subshell_parentheses_002 PASSED [ 59%]
src/cowrie/test/test_echo.py::ShellEchoCommandTests::test_subshell_parentheses_003 PASSED [ 59%]
src/cowrie/test/test_echo.py::ShellEchoCommandTests::test_subshell_parentheses_004 PASSED [ 60%]
src/cowrie/test/test_echo.py::ShellEchoCommandTests::test_subshell_parentheses_005 PASSED [ 60%]
src/cowrie/test/test_echo.py::ShellEchoCommandTests::test_subshell_parentheses_006 PASSED [ 61%]
src/cowrie/test/test_echo.py::ShellEchoCommandTests::test_subshell_parentheses_007 PASSED [ 62%]
src/cowrie/test/test_echo.py::ShellEchoCommandTests::test_subshell_parentheses_008 PASSED [ 62%]
src/cowrie/test/test_echo.py::ShellEchoCommandTests::test_subshell_parentheses_009 PASSED [ 63%]
src/cowrie/test/test_echo.py::ShellEchoCommandTests::test_subshell_parentheses_010 PASSED [ 63%]
src/cowrie/test/test_ftpget.py::ShellFtpGetCommandTests::test_connection_refused PASSED [ 64%]
src/cowrie/test/test_ftpget.py::ShellFtpGetCommandTests::test_help_command PASSED [ 64%]
src/cowrie/test/test_ftpget.py::ShellFtpGetCommandTests::test_insufficient_args PASSED [ 65%]
src/cowrie/test/test_ftpget.py::ShellFtpGetCommandTests::test_invalid_directory PASSED [ 65%]
src/cowrie/test/test_ftpget.py::ShellFtpGetAsyncTests::test_file_not_found PASSED [ 66%]
src/cowrie/test/test_ftpget.py::ShellFtpGetAsyncTests::test_non_blocking_behavior PASSED [ 67%]
src/cowrie/test/test_ftpget.py::ShellFtpGetAsyncTests::test_successful_download_anonymous PASSED [ 67%]
src/cowrie/test/test_ftpget.py::ShellFtpGetAsyncTests::test_successful_download_with_auth PASSED [ 68%]
src/cowrie/test/test_ftpget.py::ShellFtpGetAsyncTests::test_verbose_output PASSED [ 68%]
src/cowrie/test/test_ls.py::ShellLsCommandTests::test_ls_command_001 PASSED [ 69%]
src/cowrie/test/test_ls.py::ShellLsCommandTests::test_ls_command_002 PASSED [ 69%]
src/cowrie/test/test_ls.py::ShellLsCommandTests::test_ls_command_003 PASSED [ 70%]
src/cowrie/test/test_ls.py::ShellLsCommandTests::test_ls_command_004 PASSED [ 70%]
src/cowrie/test/test_network.py::TestCommunicationAllowed::test_cname_resolution PASSED [ 71%]
src/cowrie/test/test_network.py::TestCommunicationAllowed::test_cname_resolution_blocked PASSED [ 71%]
src/cowrie/test/test_network.py::TestCommunicationAllowed::test_dns_resolution_allowed PASSED [ 72%]
src/cowrie/test/test_network.py::TestCommunicationAllowed::test_dns_resolution_blocked PASSED [ 73%]
src/cowrie/test/test_network.py::TestCommunicationAllowed::test_invalid_ip_address PASSED [ 73%]
src/cowrie/test/test_network.py::TestCommunicationAllowed::test_ipv4_address_allowed PASSED [ 74%]
src/cowrie/test/test_network.py::TestCommunicationAllowed::test_ipv4_address_blocked PASSED [ 74%]
src/cowrie/test/test_network.py::TestCommunicationAllowed::test_ipv6_address_allowed PASSED [ 75%]
src/cowrie/test/test_network.py::TestCommunicationAllowed::test_ipv6_address_blocked PASSED [ 75%]
src/cowrie/test/test_tee.py::ShellTeeCommandTests::test_tee_command_001 PASSED [ 76%]
src/cowrie/test/test_tee.py::ShellTeeCommandTests::test_tee_command_002 PASSED [ 76%]
src/cowrie/test/test_tee.py::ShellTeeCommandTests::test_tee_command_003 PASSED [ 77%]
src/cowrie/test/test_tee.py::ShellTeeCommandTests::test_tee_command_004 PASSED [ 78%]
src/cowrie/test/test_tee.py::ShellTeeCommandTests::test_tee_command_005 PASSED [ 78%]
src/cowrie/test/test_tftp.py::ShellTftpCommandTests::test_tftp_insufficient_args PASSED [ 79%]
src/cowrie/test/test_tftp.py::ShellTftpCommandTests::test_tftp_invalid_directory PASSED [ 79%]
src/cowrie/test/test_tftp.py::ShellTftpCommandTests::test_tftp_no_args PASSED [ 80%]
src/cowrie/test/test_tftp.py::ShellTftpAsyncTests::test_connection_refused PASSED [ 80%]
src/cowrie/test/test_tftp.py::ShellTftpAsyncTests::test_download_with_r_flag PASSED [ 81%]
src/cowrie/test/test_tftp.py::ShellTftpAsyncTests::test_large_file_download PASSED [ 81%]
src/cowrie/test/test_tftp.py::ShellTftpAsyncTests::test_non_blocking_behavior PASSED [ 82%]
src/cowrie/test/test_tftp.py::ShellTftpAsyncTests::test_successful_download PASSED [ 82%]
src/cowrie/test/test_tftp.py::TFTPProtocolTests::test_ack_packet_format PASSED [ 83%]
src/cowrie/test/test_tftp.py::TFTPProtocolTests::test_data_packet_parsing PASSED [ 84%]
src/cowrie/test/test_tftp.py::TFTPProtocolTests::test_error_packet_parsing PASSED [ 84%]
src/cowrie/test/test_tftp.py::TFTPProtocolTests::test_rrq_packet_format PASSED [ 85%]
src/cowrie/test/test_uniq.py::ShellUniqCommandTests::test_uniq_command_001 PASSED [ 85%]
src/cowrie/test/test_uniq.py::ShellUniqCommandTests::test_uniq_command_002 PASSED [ 86%]
src/cowrie/test/test_uniq.py::ShellUniqCommandTests::test_uniq_command_003 PASSED [ 86%]
src/cowrie/test/test_utils.py::UtilsTestCase::test_create_endpoint_services PASSED [ 87%]
src/cowrie/test/test_utils.py::UtilsTestCase::test_durationHuman PASSED  [ 87%]
src/cowrie/test/test_utils.py::UtilsTestCase::test_get_endpoints_from_section PASSED [ 88%]
src/cowrie/test/test_virustotal.py::VirusTotalOutputTests::test_add_file_to_collection PASSED [ 89%]
src/cowrie/test/test_virustotal.py::VirusTotalOutputTests::test_add_url_to_collection PASSED [ 89%]
src/cowrie/test/test_virustotal.py::VirusTotalOutputTests::test_api_key_in_headers 
src/cowrie/test/test_virustotal.py::VirusTotalOutputTests::test_api_key_in_headers PASSED [ 90%]
src/cowrie/test/test_virustotal.py::VirusTotalOutputTests::test_collection_initialization PASSED [ 90%]
src/cowrie/test/test_virustotal.py::VirusTotalOutputTests::test_no_collection_when_not_configured PASSED [ 91%]
src/cowrie/test/test_virustotal.py::VirusTotalOutputTests::test_postcomment_url_v3_format PASSED [ 91%]
src/cowrie/test/test_virustotal.py::VirusTotalOutputTests::test_postcomment_v3_format PASSED [ 92%]
src/cowrie/test/test_virustotal.py::VirusTotalOutputTests::test_postfile_v3_format PASSED [ 92%]
src/cowrie/test/test_virustotal.py::VirusTotalOutputTests::test_scanfile_existing_file_found PASSED [ 93%]
src/cowrie/test/test_virustotal.py::VirusTotalOutputTests::test_scanfile_new_file_not_found PASSED [ 93%]
src/cowrie/test/test_virustotal.py::VirusTotalOutputTests::test_scanurl_base64_encoding PASSED [ 94%]
src/cowrie/test/test_virustotal.py::VirusTotalOutputTests::test_string_producer_interface PASSED [ 95%]
src/cowrie/test/test_virustotal.py::VirusTotalOutputTests::test_submiturl_v3_format PASSED [ 95%]
src/cowrie/test/test_virustotal.py::VirusTotalOutputTests::test_url_cache_functionality PASSED [ 96%]
src/cowrie/test/test_virustotal.py::VirusTotalOutputTests::test_write_method_file_download PASSED [ 96%]
src/cowrie/test/test_virustotal.py::VirusTotalOutputTests::test_write_method_file_upload PASSED [ 97%]
tests/test_repo.py::test_src_package_exists PASSED                       [ 97%]
tests/test_repo.py::test_pkg_importable PASSED                           [ 98%]
tests/test_repo.py::test_config_present PASSED                           [ 98%]
tests/test_repo.py::test_requirements_non_empty PASSED                   [ 99%]
tests/test_repo.py::test_var_structure PASSED                            [100%]

============== 182 passed, 2 warnings, 5 subtests passed in 4.84s ==============
